Component: ARM Compiler 5.06 update 6 (build 750) Tool: armlink [4d35ed]

==============================================================================

Section Cross References

    loggermain.o(i.main) refers to logger.o(i.loggerInit) for loggerInit
    loggermain.o(i.main) refers to time.o(i.time) for time
    loggermain.o(i.main) refers to logger.o(i.loggerLog) for loggerLog
    loggermain.o(i.main) refers to logger.o(i.loggerPrintByLevel) for loggerPrintByLevel
    loggermain.o(i.main) refers to logger.o(i.loggerPrintByMsg) for loggerPrintByMsg
    retarget.o(i._ttywrch) refers to retarget.o(i.sendchar) for sendchar
    retarget.o(i.fgetc) refers to retarget.o(i.getkey) for getkey
    retarget.o(i.fgetc) refers to retarget.o(i.sendchar) for sendchar
    retarget.o(i.fputc) refers to retarget.o(i.sendchar) for sendchar
    retarget.o(i.getkey) refers to uart.o(i.UARTInit) for UARTInit
    retarget.o(i.getkey) refers to uart.o(i.UARTReceiveChar) for UARTReceiveChar
    retarget.o(i.getkey) refers to retarget.o(.data) for uart_init_called
    retarget.o(i.sendchar) refers to uart.o(i.UARTInit) for UARTInit
    retarget.o(i.sendchar) refers to uart.o(i.UARTSendChar) for UARTSendChar
    retarget.o(i.sendchar) refers to retarget.o(.data) for uart_init_called
    uart.o(i.FreeRcv) refers to uart.o(i.Free) for Free
    uart.o(i.FreeRcv) refers to uart.o(.data) for RcvLock0
    uart.o(i.FreeSnd) refers to uart.o(i.Free) for Free
    uart.o(i.FreeSnd) refers to uart.o(.data) for SndLock0
    uart.o(i.LockRcv) refers to uart.o(i.Lock) for Lock
    uart.o(i.LockRcv) refers to uart.o(.data) for RcvLock0
    uart.o(i.LockSnd) refers to uart.o(i.Lock) for Lock
    uart.o(i.LockSnd) refers to uart.o(.data) for SndLock0
    uart.o(i.UART0_IRQHandler) refers to uart.o(.bss) for UART0Buffer
    uart.o(i.UART0_IRQHandler) refers to uart.o(.data) for UART0Count
    uart.o(i.UART1_IRQHandler) refers to uart.o(.bss) for UART1Buffer
    uart.o(i.UART1_IRQHandler) refers to uart.o(.data) for UART1Count
    uart.o(i.UARTInit) refers to uart.o(i.getFrequency) for getFrequency
    uart.o(i.UARTInit) refers to uart.o(i.__NVIC_EnableIRQ) for __NVIC_EnableIRQ
    uart.o(i.UARTInit) refers to uart.o(i.FreeRcv) for FreeRcv
    uart.o(i.UARTInit) refers to uart.o(i.FreeSnd) for FreeSnd
    uart.o(i.UARTRecieve) refers to uart.o(i.LockRcv) for LockRcv
    uart.o(i.UARTRecieve) refers to uart.o(i.FreeRcv) for FreeRcv
    uart.o(i.UARTRecieve) refers to uart.o(.data) for UART0Count
    uart.o(i.UARTRecieve) refers to uart.o(.bss) for UART0Buffer
    uart.o(i.UARTSend) refers to uart.o(i.LockSnd) for LockSnd
    uart.o(i.UARTSend) refers to uart.o(i.FreeSnd) for FreeSnd
    uart.o(i.UARTSend) refers to uart.o(.data) for UART0TxEmpty
    uart.o(i.getFrequency) refers to system_lpc17xx.o(.data) for SystemCoreClock
    time.o(i.time) refers to time.o(.data) for t
    logger.o(i.loggerFmtTime) refers to localtime.o(.text) for localtime
    logger.o(i.loggerFmtTime) refers to strftime.o(.text) for strftime
    logger.o(i.loggerFmtTime) refers to logger.o(.bss) for loggerTimeString
    logger.o(i.loggerInit) refers to printf3.o(i.__0printf$3) for __2printf
    logger.o(i.loggerInit) refers to mallocr.o(i.realloc) for realloc
    logger.o(i.loggerInit) refers to logger.o(.data) for current_log_index
    logger.o(i.loggerLog) refers to printf3.o(i.__0printf$3) for __2printf
    logger.o(i.loggerLog) refers to logger.o(.data) for current_log_index
    logger.o(i.loggerPrintByLevel) refers to printf3.o(i.__0printf$3) for __2printf
    logger.o(i.loggerPrintByLevel) refers to logger.o(i.loggerFmtTime) for loggerFmtTime
    logger.o(i.loggerPrintByLevel) refers to logger.o(.conststring) for .conststring
    logger.o(i.loggerPrintByLevel) refers to logger.o(.data) for log_record
    logger.o(i.loggerPrintByMsg) refers to strlen.o(.text) for strlen
    logger.o(i.loggerPrintByMsg) refers to printf3.o(i.__0printf$3) for __2printf
    logger.o(i.loggerPrintByMsg) refers to strstr.o(.text) for strstr
    logger.o(i.loggerPrintByMsg) refers to logger.o(i.loggerFmtTime) for loggerFmtTime
    logger.o(i.loggerPrintByMsg) refers to logger.o(.data) for log_record
    logger.o(.data) refers to logger.o(.conststring) for .conststring
    startup_lpc17xx.o(RESET) refers to startup_lpc17xx.o(STACK) for __initial_sp
    startup_lpc17xx.o(RESET) refers to startup_lpc17xx.o(.text) for Reset_Handler
    startup_lpc17xx.o(RESET) refers to uart.o(i.UART0_IRQHandler) for UART0_IRQHandler
    startup_lpc17xx.o(RESET) refers to uart.o(i.UART1_IRQHandler) for UART1_IRQHandler
    startup_lpc17xx.o(.text) refers to system_lpc17xx.o(i.SystemInit) for SystemInit
    startup_lpc17xx.o(.text) refers to entry.o(.ARM.Collect$$$$00000000) for __main
    system_lpc17xx.o(i.SystemCoreClockUpdate) refers to uldiv.o(.text) for __aeabi_uldivmod
    system_lpc17xx.o(i.SystemCoreClockUpdate) refers to system_lpc17xx.o(.data) for SystemCoreClock
    entry.o(.ARM.Collect$$$$00000000) refers (Special) to entry10a.o(.ARM.Collect$$$$0000000D) for __rt_final_cpp
    entry.o(.ARM.Collect$$$$00000000) refers (Special) to entry11a.o(.ARM.Collect$$$$0000000F) for __rt_final_exit
    entry.o(.ARM.Collect$$$$00000000) refers (Special) to entry7b.o(.ARM.Collect$$$$00000008) for _main_clock
    entry.o(.ARM.Collect$$$$00000000) refers (Special) to entry8b.o(.ARM.Collect$$$$0000000A) for _main_cpp_init
    entry.o(.ARM.Collect$$$$00000000) refers (Special) to entry9a.o(.ARM.Collect$$$$0000000B) for _main_init
    entry.o(.ARM.Collect$$$$00000000) refers (Special) to entry5.o(.ARM.Collect$$$$00000004) for _main_scatterload
    entry.o(.ARM.Collect$$$$00000000) refers (Special) to entry2.o(.ARM.Collect$$$$00000001) for _main_stk
    uldiv.o(.text) refers to llushr.o(.text) for __aeabi_llsr
    uldiv.o(.text) refers to llshl.o(.text) for __aeabi_llsl
    localtime.o(.text) refers to localtime.o(.bss) for .bss
    localtime.o(.text) refers to localtime.o(.constdata) for .constdata
    strftime.o(.text) refers to strftime.o(.constdata) for .constdata
    asctime_s.o(.text) refers to strftime.o(.text) for strftime
    asctime_s.o(.text) refers to asctime_s.o(.bss) for .bss
    printfb.o(i.__0fprintf$bare) refers to printfb.o(i._printf_core) for _printf_core
    printfb.o(i.__0fprintf$bare) refers to retarget.o(i.fputc) for fputc
    printfb.o(i.__0printf$bare) refers to printfb.o(i._printf_core) for _printf_core
    printfb.o(i.__0printf$bare) refers to retarget.o(i.fputc) for fputc
    printfb.o(i.__0printf$bare) refers to retarget.o(.data) for __stdout
    printfb.o(i.__0snprintf$bare) refers to printfb.o(i._printf_core) for _printf_core
    printfb.o(i.__0snprintf$bare) refers to printfb.o(i._snputc) for _snputc
    printfb.o(i.__0sprintf$bare) refers to printfb.o(i._printf_core) for _printf_core
    printfb.o(i.__0sprintf$bare) refers to printfb.o(i._sputc) for _sputc
    printfb.o(i.__0vfprintf$bare) refers to printfb.o(i._printf_core) for _printf_core
    printfb.o(i.__0vfprintf$bare) refers to retarget.o(i.fputc) for fputc
    printfb.o(i.__0vprintf$bare) refers to printfb.o(i._printf_core) for _printf_core
    printfb.o(i.__0vprintf$bare) refers to retarget.o(i.fputc) for fputc
    printfb.o(i.__0vprintf$bare) refers to retarget.o(.data) for __stdout
    printfb.o(i.__0vsnprintf$bare) refers to printfb.o(i._printf_core) for _printf_core
    printfb.o(i.__0vsnprintf$bare) refers to printfb.o(i._snputc) for _snputc
    printfb.o(i.__0vsprintf$bare) refers to printfb.o(i._printf_core) for _printf_core
    printfb.o(i.__0vsprintf$bare) refers to printfb.o(i._sputc) for _sputc
    printf0.o(i.__0fprintf$0) refers to printf0.o(i._printf_core) for _printf_core
    printf0.o(i.__0fprintf$0) refers to retarget.o(i.fputc) for fputc
    printf0.o(i.__0printf$0) refers to printf0.o(i._printf_core) for _printf_core
    printf0.o(i.__0printf$0) refers to retarget.o(i.fputc) for fputc
    printf0.o(i.__0printf$0) refers to retarget.o(.data) for __stdout
    printf0.o(i.__0snprintf$0) refers to printf0.o(i._printf_core) for _printf_core
    printf0.o(i.__0snprintf$0) refers to printf0.o(i._snputc) for _snputc
    printf0.o(i.__0sprintf$0) refers to printf0.o(i._printf_core) for _printf_core
    printf0.o(i.__0sprintf$0) refers to printf0.o(i._sputc) for _sputc
    printf0.o(i.__0vfprintf$0) refers to printf0.o(i._printf_core) for _printf_core
    printf0.o(i.__0vfprintf$0) refers to retarget.o(i.fputc) for fputc
    printf0.o(i.__0vprintf$0) refers to printf0.o(i._printf_core) for _printf_core
    printf0.o(i.__0vprintf$0) refers to retarget.o(i.fputc) for fputc
    printf0.o(i.__0vprintf$0) refers to retarget.o(.data) for __stdout
    printf0.o(i.__0vsnprintf$0) refers to printf0.o(i._printf_core) for _printf_core
    printf0.o(i.__0vsnprintf$0) refers to printf0.o(i._snputc) for _snputc
    printf0.o(i.__0vsprintf$0) refers to printf0.o(i._printf_core) for _printf_core
    printf0.o(i.__0vsprintf$0) refers to printf0.o(i._sputc) for _sputc
    printf1.o(i.__0fprintf$1) refers to printf1.o(i._printf_core) for _printf_core
    printf1.o(i.__0fprintf$1) refers to retarget.o(i.fputc) for fputc
    printf1.o(i.__0printf$1) refers to printf1.o(i._printf_core) for _printf_core
    printf1.o(i.__0printf$1) refers to retarget.o(i.fputc) for fputc
    printf1.o(i.__0printf$1) refers to retarget.o(.data) for __stdout
    printf1.o(i.__0snprintf$1) refers to printf1.o(i._printf_core) for _printf_core
    printf1.o(i.__0snprintf$1) refers to printf1.o(i._snputc) for _snputc
    printf1.o(i.__0sprintf$1) refers to printf1.o(i._printf_core) for _printf_core
    printf1.o(i.__0sprintf$1) refers to printf1.o(i._sputc) for _sputc
    printf1.o(i.__0vfprintf$1) refers to printf1.o(i._printf_core) for _printf_core
    printf1.o(i.__0vfprintf$1) refers to retarget.o(i.fputc) for fputc
    printf1.o(i.__0vprintf$1) refers to printf1.o(i._printf_core) for _printf_core
    printf1.o(i.__0vprintf$1) refers to retarget.o(i.fputc) for fputc
    printf1.o(i.__0vprintf$1) refers to retarget.o(.data) for __stdout
    printf1.o(i.__0vsnprintf$1) refers to printf1.o(i._printf_core) for _printf_core
    printf1.o(i.__0vsnprintf$1) refers to printf1.o(i._snputc) for _snputc
    printf1.o(i.__0vsprintf$1) refers to printf1.o(i._printf_core) for _printf_core
    printf1.o(i.__0vsprintf$1) refers to printf1.o(i._sputc) for _sputc
    printf1.o(i._printf_core) refers to uidiv.o(.text) for __aeabi_uidivmod
    printf2.o(i.__0fprintf$2) refers to printf2.o(i._printf_core) for _printf_core
    printf2.o(i.__0fprintf$2) refers to retarget.o(i.fputc) for fputc
    printf2.o(i.__0printf$2) refers to printf2.o(i._printf_core) for _printf_core
    printf2.o(i.__0printf$2) refers to retarget.o(i.fputc) for fputc
    printf2.o(i.__0printf$2) refers to retarget.o(.data) for __stdout
    printf2.o(i.__0snprintf$2) refers to printf2.o(i._printf_core) for _printf_core
    printf2.o(i.__0snprintf$2) refers to printf2.o(i._snputc) for _snputc
    printf2.o(i.__0sprintf$2) refers to printf2.o(i._printf_core) for _printf_core
    printf2.o(i.__0sprintf$2) refers to printf2.o(i._sputc) for _sputc
    printf2.o(i.__0vfprintf$2) refers to printf2.o(i._printf_core) for _printf_core
    printf2.o(i.__0vfprintf$2) refers to retarget.o(i.fputc) for fputc
    printf2.o(i.__0vprintf$2) refers to printf2.o(i._printf_core) for _printf_core
    printf2.o(i.__0vprintf$2) refers to retarget.o(i.fputc) for fputc
    printf2.o(i.__0vprintf$2) refers to retarget.o(.data) for __stdout
    printf2.o(i.__0vsnprintf$2) refers to printf2.o(i._printf_core) for _printf_core
    printf2.o(i.__0vsnprintf$2) refers to printf2.o(i._snputc) for _snputc
    printf2.o(i.__0vsprintf$2) refers to printf2.o(i._printf_core) for _printf_core
    printf2.o(i.__0vsprintf$2) refers to printf2.o(i._sputc) for _sputc
    printf3.o(i.__0fprintf$3) refers to printf3.o(i._printf_core) for _printf_core
    printf3.o(i.__0fprintf$3) refers to retarget.o(i.fputc) for fputc
    printf3.o(i.__0printf$3) refers to printf3.o(i._printf_core) for _printf_core
    printf3.o(i.__0printf$3) refers to retarget.o(i.fputc) for fputc
    printf3.o(i.__0printf$3) refers to retarget.o(.data) for __stdout
    printf3.o(i.__0snprintf$3) refers to printf3.o(i._printf_core) for _printf_core
    printf3.o(i.__0snprintf$3) refers to printf3.o(i._snputc) for _snputc
    printf3.o(i.__0sprintf$3) refers to printf3.o(i._printf_core) for _printf_core
    printf3.o(i.__0sprintf$3) refers to printf3.o(i._sputc) for _sputc
    printf3.o(i.__0vfprintf$3) refers to printf3.o(i._printf_core) for _printf_core
    printf3.o(i.__0vfprintf$3) refers to retarget.o(i.fputc) for fputc
    printf3.o(i.__0vprintf$3) refers to printf3.o(i._printf_core) for _printf_core
    printf3.o(i.__0vprintf$3) refers to retarget.o(i.fputc) for fputc
    printf3.o(i.__0vprintf$3) refers to retarget.o(.data) for __stdout
    printf3.o(i.__0vsnprintf$3) refers to printf3.o(i._printf_core) for _printf_core
    printf3.o(i.__0vsnprintf$3) refers to printf3.o(i._snputc) for _snputc
    printf3.o(i.__0vsprintf$3) refers to printf3.o(i._printf_core) for _printf_core
    printf3.o(i.__0vsprintf$3) refers to printf3.o(i._sputc) for _sputc
    printf3.o(i._printf_core) refers to uidiv.o(.text) for __aeabi_uidivmod
    printf4.o(i.__0fprintf$4) refers to printf4.o(i._printf_core) for _printf_core
    printf4.o(i.__0fprintf$4) refers to retarget.o(i.fputc) for fputc
    printf4.o(i.__0printf$4) refers to printf4.o(i._printf_core) for _printf_core
    printf4.o(i.__0printf$4) refers to retarget.o(i.fputc) for fputc
    printf4.o(i.__0printf$4) refers to retarget.o(.data) for __stdout
    printf4.o(i.__0snprintf$4) refers to printf4.o(i._printf_core) for _printf_core
    printf4.o(i.__0snprintf$4) refers to printf4.o(i._snputc) for _snputc
    printf4.o(i.__0sprintf$4) refers to printf4.o(i._printf_core) for _printf_core
    printf4.o(i.__0sprintf$4) refers to printf4.o(i._sputc) for _sputc
    printf4.o(i.__0vfprintf$4) refers to printf4.o(i._printf_core) for _printf_core
    printf4.o(i.__0vfprintf$4) refers to retarget.o(i.fputc) for fputc
    printf4.o(i.__0vprintf$4) refers to printf4.o(i._printf_core) for _printf_core
    printf4.o(i.__0vprintf$4) refers to retarget.o(i.fputc) for fputc
    printf4.o(i.__0vprintf$4) refers to retarget.o(.data) for __stdout
    printf4.o(i.__0vsnprintf$4) refers to printf4.o(i._printf_core) for _printf_core
    printf4.o(i.__0vsnprintf$4) refers to printf4.o(i._snputc) for _snputc
    printf4.o(i.__0vsprintf$4) refers to printf4.o(i._printf_core) for _printf_core
    printf4.o(i.__0vsprintf$4) refers to printf4.o(i._sputc) for _sputc
    printf4.o(i._printf_core) refers to uldiv.o(.text) for __aeabi_uldivmod
    printf5.o(i.__0fprintf$5) refers to printf5.o(i._printf_core) for _printf_core
    printf5.o(i.__0fprintf$5) refers to retarget.o(i.fputc) for fputc
    printf5.o(i.__0printf$5) refers to printf5.o(i._printf_core) for _printf_core
    printf5.o(i.__0printf$5) refers to retarget.o(i.fputc) for fputc
    printf5.o(i.__0printf$5) refers to retarget.o(.data) for __stdout
    printf5.o(i.__0snprintf$5) refers to printf5.o(i._printf_core) for _printf_core
    printf5.o(i.__0snprintf$5) refers to printf5.o(i._snputc) for _snputc
    printf5.o(i.__0sprintf$5) refers to printf5.o(i._printf_core) for _printf_core
    printf5.o(i.__0sprintf$5) refers to printf5.o(i._sputc) for _sputc
    printf5.o(i.__0vfprintf$5) refers to printf5.o(i._printf_core) for _printf_core
    printf5.o(i.__0vfprintf$5) refers to retarget.o(i.fputc) for fputc
    printf5.o(i.__0vprintf$5) refers to printf5.o(i._printf_core) for _printf_core
    printf5.o(i.__0vprintf$5) refers to retarget.o(i.fputc) for fputc
    printf5.o(i.__0vprintf$5) refers to retarget.o(.data) for __stdout
    printf5.o(i.__0vsnprintf$5) refers to printf5.o(i._printf_core) for _printf_core
    printf5.o(i.__0vsnprintf$5) refers to printf5.o(i._snputc) for _snputc
    printf5.o(i.__0vsprintf$5) refers to printf5.o(i._printf_core) for _printf_core
    printf5.o(i.__0vsprintf$5) refers to printf5.o(i._sputc) for _sputc
    printf5.o(i._printf_core) refers to uldiv.o(.text) for __aeabi_uldivmod
    printf6.o(i.__0fprintf$6) refers to printf6.o(i._printf_core) for _printf_core
    printf6.o(i.__0fprintf$6) refers to retarget.o(i.fputc) for fputc
    printf6.o(i.__0printf$6) refers to printf6.o(i._printf_core) for _printf_core
    printf6.o(i.__0printf$6) refers to retarget.o(i.fputc) for fputc
    printf6.o(i.__0printf$6) refers to retarget.o(.data) for __stdout
    printf6.o(i.__0snprintf$6) refers to printf6.o(i._printf_core) for _printf_core
    printf6.o(i.__0snprintf$6) refers to printf6.o(i._snputc) for _snputc
    printf6.o(i.__0sprintf$6) refers to printf6.o(i._printf_core) for _printf_core
    printf6.o(i.__0sprintf$6) refers to printf6.o(i._sputc) for _sputc
    printf6.o(i.__0vfprintf$6) refers to printf6.o(i._printf_core) for _printf_core
    printf6.o(i.__0vfprintf$6) refers to retarget.o(i.fputc) for fputc
    printf6.o(i.__0vprintf$6) refers to printf6.o(i._printf_core) for _printf_core
    printf6.o(i.__0vprintf$6) refers to retarget.o(i.fputc) for fputc
    printf6.o(i.__0vprintf$6) refers to retarget.o(.data) for __stdout
    printf6.o(i.__0vsnprintf$6) refers to printf6.o(i._printf_core) for _printf_core
    printf6.o(i.__0vsnprintf$6) refers to printf6.o(i._snputc) for _snputc
    printf6.o(i.__0vsprintf$6) refers to printf6.o(i._printf_core) for _printf_core
    printf6.o(i.__0vsprintf$6) refers to printf6.o(i._sputc) for _sputc
    printf6.o(i._printf_core) refers to printf6.o(i._printf_pre_padding) for _printf_pre_padding
    printf6.o(i._printf_core) refers to uidiv.o(.text) for __aeabi_uidivmod
    printf6.o(i._printf_core) refers to printf6.o(i._printf_post_padding) for _printf_post_padding
    printf7.o(i.__0fprintf$7) refers to printf7.o(i._printf_core) for _printf_core
    printf7.o(i.__0fprintf$7) refers to retarget.o(i.fputc) for fputc
    printf7.o(i.__0printf$7) refers to printf7.o(i._printf_core) for _printf_core
    printf7.o(i.__0printf$7) refers to retarget.o(i.fputc) for fputc
    printf7.o(i.__0printf$7) refers to retarget.o(.data) for __stdout
    printf7.o(i.__0snprintf$7) refers to printf7.o(i._printf_core) for _printf_core
    printf7.o(i.__0snprintf$7) refers to printf7.o(i._snputc) for _snputc
    printf7.o(i.__0sprintf$7) refers to printf7.o(i._printf_core) for _printf_core
    printf7.o(i.__0sprintf$7) refers to printf7.o(i._sputc) for _sputc
    printf7.o(i.__0vfprintf$7) refers to printf7.o(i._printf_core) for _printf_core
    printf7.o(i.__0vfprintf$7) refers to retarget.o(i.fputc) for fputc
    printf7.o(i.__0vprintf$7) refers to printf7.o(i._printf_core) for _printf_core
    printf7.o(i.__0vprintf$7) refers to retarget.o(i.fputc) for fputc
    printf7.o(i.__0vprintf$7) refers to retarget.o(.data) for __stdout
    printf7.o(i.__0vsnprintf$7) refers to printf7.o(i._printf_core) for _printf_core
    printf7.o(i.__0vsnprintf$7) refers to printf7.o(i._snputc) for _snputc
    printf7.o(i.__0vsprintf$7) refers to printf7.o(i._printf_core) for _printf_core
    printf7.o(i.__0vsprintf$7) refers to printf7.o(i._sputc) for _sputc
    printf7.o(i._printf_core) refers to printf7.o(i._printf_pre_padding) for _printf_pre_padding
    printf7.o(i._printf_core) refers to uldiv.o(.text) for __aeabi_uldivmod
    printf7.o(i._printf_core) refers to printf7.o(i._printf_post_padding) for _printf_post_padding
    printf8.o(i.__0fprintf$8) refers to printf8.o(i._printf_core) for _printf_core
    printf8.o(i.__0fprintf$8) refers to retarget.o(i.fputc) for fputc
    printf8.o(i.__0printf$8) refers to printf8.o(i._printf_core) for _printf_core
    printf8.o(i.__0printf$8) refers to retarget.o(i.fputc) for fputc
    printf8.o(i.__0printf$8) refers to retarget.o(.data) for __stdout
    printf8.o(i.__0snprintf$8) refers to printf8.o(i._printf_core) for _printf_core
    printf8.o(i.__0snprintf$8) refers to printf8.o(i._snputc) for _snputc
    printf8.o(i.__0sprintf$8) refers to printf8.o(i._printf_core) for _printf_core
    printf8.o(i.__0sprintf$8) refers to printf8.o(i._sputc) for _sputc
    printf8.o(i.__0vfprintf$8) refers to printf8.o(i._printf_core) for _printf_core
    printf8.o(i.__0vfprintf$8) refers to retarget.o(i.fputc) for fputc
    printf8.o(i.__0vprintf$8) refers to printf8.o(i._printf_core) for _printf_core
    printf8.o(i.__0vprintf$8) refers to retarget.o(i.fputc) for fputc
    printf8.o(i.__0vprintf$8) refers to retarget.o(.data) for __stdout
    printf8.o(i.__0vsnprintf$8) refers to printf8.o(i._printf_core) for _printf_core
    printf8.o(i.__0vsnprintf$8) refers to printf8.o(i._snputc) for _snputc
    printf8.o(i.__0vsprintf$8) refers to printf8.o(i._printf_core) for _printf_core
    printf8.o(i.__0vsprintf$8) refers to printf8.o(i._sputc) for _sputc
    printf8.o(i._printf_core) refers to printf8.o(i._printf_pre_padding) for _printf_pre_padding
    printf8.o(i._printf_core) refers to uldiv.o(.text) for __aeabi_uldivmod
    printf8.o(i._printf_core) refers to printf8.o(i._printf_post_padding) for _printf_post_padding
    printfa.o(i.__0fprintf) refers (Special) to iusefp.o(.text) for __I$use$fp
    printfa.o(i.__0fprintf) refers to printfa.o(i._printf_core) for _printf_core
    printfa.o(i.__0fprintf) refers to retarget.o(i.fputc) for fputc
    printfa.o(i.__0printf) refers (Special) to iusefp.o(.text) for __I$use$fp
    printfa.o(i.__0printf) refers to printfa.o(i._printf_core) for _printf_core
    printfa.o(i.__0printf) refers to retarget.o(i.fputc) for fputc
    printfa.o(i.__0printf) refers to retarget.o(.data) for __stdout
    printfa.o(i.__0snprintf) refers (Special) to iusefp.o(.text) for __I$use$fp
    printfa.o(i.__0snprintf) refers to printfa.o(i._printf_core) for _printf_core
    printfa.o(i.__0snprintf) refers to printfa.o(i._snputc) for _snputc
    printfa.o(i.__0sprintf) refers (Special) to iusefp.o(.text) for __I$use$fp
    printfa.o(i.__0sprintf) refers to printfa.o(i._printf_core) for _printf_core
    printfa.o(i.__0sprintf) refers to printfa.o(i._sputc) for _sputc
    printfa.o(i.__0vfprintf) refers (Special) to iusefp.o(.text) for __I$use$fp
    printfa.o(i.__0vfprintf) refers to printfa.o(i._printf_core) for _printf_core
    printfa.o(i.__0vfprintf) refers to retarget.o(i.fputc) for fputc
    printfa.o(i.__0vprintf) refers (Special) to iusefp.o(.text) for __I$use$fp
    printfa.o(i.__0vprintf) refers to printfa.o(i._printf_core) for _printf_core
    printfa.o(i.__0vprintf) refers to retarget.o(i.fputc) for fputc
    printfa.o(i.__0vprintf) refers to retarget.o(.data) for __stdout
    printfa.o(i.__0vsnprintf) refers (Special) to iusefp.o(.text) for __I$use$fp
    printfa.o(i.__0vsnprintf) refers to printfa.o(i._printf_core) for _printf_core
    printfa.o(i.__0vsnprintf) refers to printfa.o(i._snputc) for _snputc
    printfa.o(i.__0vsprintf) refers (Special) to iusefp.o(.text) for __I$use$fp
    printfa.o(i.__0vsprintf) refers to printfa.o(i._printf_core) for _printf_core
    printfa.o(i.__0vsprintf) refers to printfa.o(i._sputc) for _sputc
    printfa.o(i._fp_digits) refers (Special) to iusefp.o(.text) for __I$use$fp
    printfa.o(i._fp_digits) refers to dmul.o(.text) for __aeabi_dmul
    printfa.o(i._fp_digits) refers to ddiv.o(.text) for __aeabi_ddiv
    printfa.o(i._fp_digits) refers to cdrcmple.o(.text) for __aeabi_cdrcmple
    printfa.o(i._fp_digits) refers to dadd.o(.text) for __aeabi_dadd
    printfa.o(i._fp_digits) refers to dfixul.o(.text) for __aeabi_d2ulz
    printfa.o(i._fp_digits) refers to uldiv.o(.text) for __aeabi_uldivmod
    printfa.o(i._printf_core) refers (Special) to iusefp.o(.text) for __I$use$fp
    printfa.o(i._printf_core) refers to printfa.o(i._printf_pre_padding) for _printf_pre_padding
    printfa.o(i._printf_core) refers to uldiv.o(.text) for __aeabi_uldivmod
    printfa.o(i._printf_core) refers to printfa.o(i._printf_post_padding) for _printf_post_padding
    printfa.o(i._printf_core) refers to printfa.o(i._fp_digits) for _fp_digits
    printfa.o(i._printf_core) refers to uidiv.o(.text) for __aeabi_uidivmod
    printfa.o(i._printf_post_padding) refers (Special) to iusefp.o(.text) for __I$use$fp
    printfa.o(i._printf_pre_padding) refers (Special) to iusefp.o(.text) for __I$use$fp
    printfa.o(i._snputc) refers (Special) to iusefp.o(.text) for __I$use$fp
    printfa.o(i._sputc) refers (Special) to iusefp.o(.text) for __I$use$fp
    mallocr.o(i.__free$realloc) refers to mvars.o(.data) for __microlib_freelist
    mallocr.o(i.__malloc$realloc) refers to mallocr.o(i.internal_alloc) for internal_alloc
    mallocr.o(i.__malloc$realloc) refers to mvars.o(.data) for __microlib_freelist_initialised
    mallocr.o(i.__malloc$realloc) refers to startup_lpc17xx.o(HEAP) for __heap_base
    mallocr.o(i.__malloc$realloc) refers to mvars.o(.data) for __microlib_freelist
    mallocr.o(i.internal_alloc) refers to memcpya.o(.text) for __aeabi_memcpy
    mallocr.o(i.internal_alloc) refers to mvars.o(.data) for __microlib_freelist
    mallocr.o(i.realloc) refers to mallocr.o(i.__free$realloc) for __free$realloc
    mallocr.o(i.realloc) refers to mallocr.o(i.internal_alloc) for internal_alloc
    mallocr.o(i.realloc) refers to mallocr.o(i.__malloc$realloc) for __malloc$realloc
    mallocr.o(i.realloc) refers to mvars.o(.data) for __microlib_freelist
    mallocra.o(i.__aligned_malloc$realloc) refers to mallocra.o(i.internal_alloc) for internal_alloc
    mallocra.o(i.__aligned_malloc$realloc) refers to mvars.o(.data) for __microlib_freelist_initialised
    mallocra.o(i.__aligned_malloc$realloc) refers to startup_lpc17xx.o(HEAP) for __heap_base
    mallocra.o(i.__aligned_malloc$realloc) refers to mvars.o(.data) for __microlib_freelist
    mallocra.o(i.__free$realloc$memalign) refers to mvars.o(.data) for __microlib_freelist
    mallocra.o(i.__malloc$realloc$memalign) refers to mallocra.o(i.__aligned_malloc$realloc) for __aligned_malloc$realloc
    mallocra.o(i.__realloc$memalign) refers to mallocra.o(i.__free$realloc$memalign) for __free$realloc$memalign
    mallocra.o(i.__realloc$memalign) refers to mallocra.o(i.internal_alloc) for internal_alloc
    mallocra.o(i.__realloc$memalign) refers to mallocra.o(i.__malloc$realloc$memalign) for __malloc$realloc$memalign
    mallocra.o(i.__realloc$memalign) refers to mvars.o(.data) for __microlib_freelist
    mallocra.o(i.internal_alloc) refers to memcpya.o(.text) for __aeabi_memcpy
    mallocra.o(i.internal_alloc) refers to mvars.o(.data) for __microlib_freelist
    entry2.o(.ARM.Collect$$$$00000001) refers to entry2.o(.ARM.Collect$$$$00002712) for __lit__00000000
    entry2.o(.ARM.Collect$$$$00002712) refers to startup_lpc17xx.o(STACK) for __initial_sp
    entry2.o(__vectab_stack_and_reset_area) refers to startup_lpc17xx.o(STACK) for __initial_sp
    entry2.o(__vectab_stack_and_reset_area) refers to entry.o(.ARM.Collect$$$$00000000) for __main
    entry5.o(.ARM.Collect$$$$00000004) refers to init.o(.text) for __scatterload
    entry9a.o(.ARM.Collect$$$$0000000B) refers to loggermain.o(i.main) for main
    entry9b.o(.ARM.Collect$$$$0000000C) refers to loggermain.o(i.main) for main
    dadd.o(.text) refers to llshl.o(.text) for __aeabi_llsl
    dadd.o(.text) refers to llsshr.o(.text) for __aeabi_lasr
    dadd.o(.text) refers to depilogue.o(.text) for _double_epilogue
    dmul.o(.text) refers to depilogue.o(.text) for _double_epilogue
    ddiv.o(.text) refers to depilogue.o(.text) for _double_round
    dfixul.o(.text) refers to llushr.o(.text) for __aeabi_llsr
    dfixul.o(.text) refers to llshl.o(.text) for __aeabi_llsl
    init.o(.text) refers to entry5.o(.ARM.Collect$$$$00000004) for __main_after_scatterload
    depilogue.o(.text) refers to llshl.o(.text) for __aeabi_llsl
    depilogue.o(.text) refers to llushr.o(.text) for __aeabi_llsr


==============================================================================

Removing Unused input sections from the image.

    Removing retarget.o(i._sys_exit), (4 bytes).
    Removing retarget.o(i._ttywrch), (12 bytes).
    Removing retarget.o(i.ferror), (8 bytes).
    Removing retarget.o(i.fgetc), (20 bytes).
    Removing retarget.o(i.getkey), (36 bytes).
    Removing uart.o(.rev16_text), (4 bytes).
    Removing uart.o(.revsh_text), (4 bytes).
    Removing uart.o(.rrx_text), (6 bytes).
    Removing uart.o(i.Lock), (28 bytes).
    Removing uart.o(i.LockRcv), (36 bytes).
    Removing uart.o(i.LockSnd), (36 bytes).
    Removing uart.o(i.UARTReceiveChar), (36 bytes).
    Removing uart.o(i.UARTRecieve), (160 bytes).
    Removing uart.o(i.UARTSend), (132 bytes).
    Removing system_lpc17xx.o(.rev16_text), (4 bytes).
    Removing system_lpc17xx.o(.revsh_text), (4 bytes).
    Removing system_lpc17xx.o(.rrx_text), (6 bytes).
    Removing system_lpc17xx.o(i.SystemCoreClockUpdate), (424 bytes).
    Removing dadd.o(.text), (334 bytes).
    Removing dmul.o(.text), (228 bytes).
    Removing ddiv.o(.text), (222 bytes).
    Removing dfixul.o(.text), (48 bytes).
    Removing cdrcmple.o(.text), (48 bytes).
    Removing depilogue.o(.text), (186 bytes).

24 unused section(s) (total 2026 bytes) removed from the image.

==============================================================================

Image Symbol Table

    Local Symbols

    Symbol Name                              Value     Ov Type        Size  Object(Section)

    RESET                                    0x00000000   Section      204  startup_lpc17xx.o(RESET)
    ../clib/microlib/division.c              0x00000000   Number         0  uldiv.o ABSOLUTE
    ../clib/microlib/division.c              0x00000000   Number         0  uidiv.o ABSOLUTE
    ../clib/microlib/init/entry.s            0x00000000   Number         0  entry5.o ABSOLUTE
    ../clib/microlib/init/entry.s            0x00000000   Number         0  entry9a.o ABSOLUTE
    ../clib/microlib/init/entry.s            0x00000000   Number         0  entry9b.o ABSOLUTE
    ../clib/microlib/init/entry.s            0x00000000   Number         0  entry2.o ABSOLUTE
    ../clib/microlib/init/entry.s            0x00000000   Number         0  entry8b.o ABSOLUTE
    ../clib/microlib/init/entry.s            0x00000000   Number         0  entry8a.o ABSOLUTE
    ../clib/microlib/init/entry.s            0x00000000   Number         0  entry7b.o ABSOLUTE
    ../clib/microlib/init/entry.s            0x00000000   Number         0  entry7a.o ABSOLUTE
    ../clib/microlib/init/entry.s            0x00000000   Number         0  entry11b.o ABSOLUTE
    ../clib/microlib/init/entry.s            0x00000000   Number         0  entry.o ABSOLUTE
    ../clib/microlib/init/entry.s            0x00000000   Number         0  entry11a.o ABSOLUTE
    ../clib/microlib/init/entry.s            0x00000000   Number         0  entry10b.o ABSOLUTE
    ../clib/microlib/init/entry.s            0x00000000   Number         0  entry10a.o ABSOLUTE
    ../clib/microlib/longlong.c              0x00000000   Number         0  llsshr.o ABSOLUTE
    ../clib/microlib/longlong.c              0x00000000   Number         0  llshl.o ABSOLUTE
    ../clib/microlib/longlong.c              0x00000000   Number         0  llushr.o ABSOLUTE
    ../clib/microlib/malloc/malloc.c         0x00000000   Number         0  mallocra.o ABSOLUTE
    ../clib/microlib/malloc/malloc.c         0x00000000   Number         0  mallocr.o ABSOLUTE
    ../clib/microlib/malloc/mvars.c          0x00000000   Number         0  mvars.o ABSOLUTE
    ../clib/microlib/printf/printf.c         0x00000000   Number         0  printf2.o ABSOLUTE
    ../clib/microlib/printf/printf.c         0x00000000   Number         0  printf3.o ABSOLUTE
    ../clib/microlib/printf/printf.c         0x00000000   Number         0  printf5.o ABSOLUTE
    ../clib/microlib/printf/printf.c         0x00000000   Number         0  printf4.o ABSOLUTE
    ../clib/microlib/printf/printf.c         0x00000000   Number         0  printf6.o ABSOLUTE
    ../clib/microlib/printf/printf.c         0x00000000   Number         0  printf1.o ABSOLUTE
    ../clib/microlib/printf/printf.c         0x00000000   Number         0  printfa.o ABSOLUTE
    ../clib/microlib/printf/printf.c         0x00000000   Number         0  printf8.o ABSOLUTE
    ../clib/microlib/printf/printf.c         0x00000000   Number         0  printf0.o ABSOLUTE
    ../clib/microlib/printf/printf.c         0x00000000   Number         0  printf7.o ABSOLUTE
    ../clib/microlib/printf/printf.c         0x00000000   Number         0  printfb.o ABSOLUTE
    ../clib/microlib/printf/stubs.s          0x00000000   Number         0  stubs.o ABSOLUTE
    ../clib/microlib/string/memcpy.c         0x00000000   Number         0  memcpyb.o ABSOLUTE
    ../clib/microlib/string/memcpy.c         0x00000000   Number         0  memcpya.o ABSOLUTE
    ../clib/microlib/string/strlen.c         0x00000000   Number         0  strlen.o ABSOLUTE
    ../clib/microlib/string/strstr.c         0x00000000   Number         0  strstr.o ABSOLUTE
    ../clib/microlib/stubs.s                 0x00000000   Number         0  iusefp.o ABSOLUTE
    ../clib/microlib/time/asctime.c          0x00000000   Number         0  asctime_s.o ABSOLUTE
    ../clib/microlib/time/localtime.c        0x00000000   Number         0  localtime.o ABSOLUTE
    ../clib/microlib/time/strftime.c         0x00000000   Number         0  strftime.o ABSOLUTE
    ../fplib/microlib/fpadd.c                0x00000000   Number         0  dadd.o ABSOLUTE
    ../fplib/microlib/fpdiv.c                0x00000000   Number         0  ddiv.o ABSOLUTE
    ../fplib/microlib/fpepilogue.c           0x00000000   Number         0  depilogue.o ABSOLUTE
    ../fplib/microlib/fpfix.c                0x00000000   Number         0  dfixul.o ABSOLUTE
    ../fplib/microlib/fpmul.c                0x00000000   Number         0  dmul.o ABSOLUTE
    RTE\Device\LPC1768\startup_LPC17xx.s     0x00000000   Number         0  startup_lpc17xx.o ABSOLUTE
    RTE\Device\LPC1768\system_LPC17xx.c      0x00000000   Number         0  system_lpc17xx.o ABSOLUTE
    RTE\\Device\\LPC1768\\system_LPC17xx.c   0x00000000   Number         0  system_lpc17xx.o ABSOLUTE
    cdrcmple.s                               0x00000000   Number         0  cdrcmple.o ABSOLUTE
    dc.s                                     0x00000000   Number         0  dc.o ABSOLUTE
    handlers.s                               0x00000000   Number         0  handlers.o ABSOLUTE
    init.s                                   0x00000000   Number         0  init.o ABSOLUTE
    logger.c                                 0x00000000   Number         0  logger.o ABSOLUTE
    loggerMain.c                             0x00000000   Number         0  loggermain.o ABSOLUTE
    time\time.c                              0x00000000   Number         0  time.o ABSOLUTE
    uart\Retarget.c                          0x00000000   Number         0  retarget.o ABSOLUTE
    uart\\uart.c                             0x00000000   Number         0  uart.o ABSOLUTE
    uart\uart.c                              0x00000000   Number         0  uart.o ABSOLUTE
    .ARM.Collect$$$$00000000                 0x000000cc   Section        0  entry.o(.ARM.Collect$$$$00000000)
    .ARM.Collect$$$$00000001                 0x000000cc   Section        4  entry2.o(.ARM.Collect$$$$00000001)
    .ARM.Collect$$$$00000004                 0x000000d0   Section        4  entry5.o(.ARM.Collect$$$$00000004)
    .ARM.Collect$$$$00000008                 0x000000d4   Section        0  entry7b.o(.ARM.Collect$$$$00000008)
    .ARM.Collect$$$$0000000A                 0x000000d4   Section        0  entry8b.o(.ARM.Collect$$$$0000000A)
    .ARM.Collect$$$$0000000B                 0x000000d4   Section        8  entry9a.o(.ARM.Collect$$$$0000000B)
    .ARM.Collect$$$$0000000D                 0x000000dc   Section        0  entry10a.o(.ARM.Collect$$$$0000000D)
    .ARM.Collect$$$$0000000F                 0x000000dc   Section        0  entry11a.o(.ARM.Collect$$$$0000000F)
    .ARM.Collect$$$$00002712                 0x000000dc   Section        4  entry2.o(.ARM.Collect$$$$00002712)
    __lit__00000000                          0x000000dc   Data           4  entry2.o(.ARM.Collect$$$$00002712)
    .text                                    0x000000e0   Section       36  startup_lpc17xx.o(.text)
    .text                                    0x00000104   Section        0  localtime.o(.text)
    .text                                    0x00000198   Section        0  strstr.o(.text)
    .text                                    0x000001bc   Section        0  strlen.o(.text)
    .text                                    0x000001ca   Section        0  uidiv.o(.text)
    .text                                    0x000001f6   Section        0  memcpya.o(.text)
    .text                                    0x0000021c   Section       36  init.o(.text)
    i.Free                                   0x00000240   Section        0  uart.o(i.Free)
    i.FreeRcv                                0x00000248   Section        0  uart.o(i.FreeRcv)
    i.FreeSnd                                0x0000026c   Section        0  uart.o(i.FreeSnd)
    i.UART0_IRQHandler                       0x00000290   Section        0  uart.o(i.UART0_IRQHandler)
    i.__scatterload_null                     0x000002f8   Section        2  handlers.o(i.__scatterload_null)
    .ARM.__at_0x02FC                         0x000002fc   Section        4  startup_lpc17xx.o(.ARM.__at_0x02FC)
    .text                                    0x00000300   Section        0  strftime.o(.text)
    _isoweek                                 0x00000301   Thumb Code    64  strftime.o(.text)
    _yeardays                                0x00000585   Thumb Code    42  strftime.o(.text)
    i.SystemInit                             0x00000694   Section        0  system_lpc17xx.o(i.SystemInit)
    i.UART1_IRQHandler                       0x000007d4   Section        0  uart.o(i.UART1_IRQHandler)
    i.UARTInit                               0x00000844   Section        0  uart.o(i.UARTInit)
    i.UARTSendChar                           0x00000900   Section        0  uart.o(i.UARTSendChar)
    i.__0printf$3                            0x00000924   Section        0  printf3.o(i.__0printf$3)
    i.__NVIC_EnableIRQ                       0x00000944   Section        0  uart.o(i.__NVIC_EnableIRQ)
    __NVIC_EnableIRQ                         0x00000945   Thumb Code    34  uart.o(i.__NVIC_EnableIRQ)
    i.__free$realloc                         0x00000968   Section        0  mallocr.o(i.__free$realloc)
    i.__malloc$realloc                       0x000009c4   Section        0  mallocr.o(i.__malloc$realloc)
    i.__scatterload_copy                     0x00000a14   Section       14  handlers.o(i.__scatterload_copy)
    i.__scatterload_zeroinit                 0x00000a22   Section       14  handlers.o(i.__scatterload_zeroinit)
    i._printf_core                           0x00000a30   Section        0  printf3.o(i._printf_core)
    _printf_core                             0x00000a31   Thumb Code   436  printf3.o(i._printf_core)
    i.fputc                                  0x00000be8   Section        0  retarget.o(i.fputc)
    i.getFrequency                           0x00000bf8   Section        0  uart.o(i.getFrequency)
    i.internal_alloc                         0x00000c40   Section        0  mallocr.o(i.internal_alloc)
    internal_alloc                           0x00000c41   Thumb Code    76  mallocr.o(i.internal_alloc)
    i.loggerFmtTime                          0x00000c90   Section        0  logger.o(i.loggerFmtTime)
    i.loggerInit                             0x00000cc4   Section        0  logger.o(i.loggerInit)
    i.loggerLog                              0x00000d50   Section        0  logger.o(i.loggerLog)
    i.loggerPrintByLevel                     0x00000eac   Section        0  logger.o(i.loggerPrintByLevel)
    i.loggerPrintByMsg                       0x00000fac   Section        0  logger.o(i.loggerPrintByMsg)
    i.main                                   0x000010c0   Section        0  loggermain.o(i.main)
    i.realloc                                0x000011a8   Section        0  mallocr.o(i.realloc)
    i.sendchar                               0x00001214   Section        0  retarget.o(i.sendchar)
    i.time                                   0x00001258   Section        0  time.o(i.time)
    .constdata                               0x00001270   Section       12  localtime.o(.constdata)
    monlen                                   0x00001270   Data          12  localtime.o(.constdata)
    .constdata                               0x0000127c   Section       86  strftime.o(.constdata)
    .conststring                             0x000012d4   Section      102  logger.o(.conststring)
    .data                                    0x10000000   Section       12  retarget.o(.data)
    .data                                    0x1000000c   Section       32  uart.o(.data)
    .data                                    0x1000002c   Section        4  time.o(.data)
    t                                        0x1000002c   Data           4  time.o(.data)
    .data                                    0x10000030   Section       32  logger.o(.data)
    .data                                    0x10000050   Section        4  system_lpc17xx.o(.data)
    .data                                    0x10000054   Section        4  mvars.o(.data)
    .data                                    0x10000058   Section        4  mvars.o(.data)
    .bss                                     0x1000005c   Section      128  uart.o(.bss)
    .bss                                     0x100000dc   Section       20  logger.o(.bss)
    .bss                                     0x100000f0   Section       44  localtime.o(.bss)
    _tms                                     0x100000f0   Data          44  localtime.o(.bss)
    HEAP                                     0x10000120   Section     4096  startup_lpc17xx.o(HEAP)
    STACK                                    0x10001120   Section      512  startup_lpc17xx.o(STACK)

    Global Symbols

    Symbol Name                              Value     Ov Type        Size  Object(Section)

    BuildAttributes$$THM_ISAv4$P$D$K$B$S$PE$A:L22UL41UL21$X:L11$S22US41US21$IEEE1$IW$USESV6$~STKCKD$USESV7$~SHL$OSPACE$ROPI$EBA8$MICROLIB$REQ8$PRES8$EABIv2 0x00000000   Number         0  anon$$obj.o ABSOLUTE
    __ARM_use_no_argv                        0x00000000   Number         0  loggermain.o ABSOLUTE
    __Vectors                                0x00000000   Data           4  startup_lpc17xx.o(RESET)
    _printf_a                                0x00000000   Number         0  stubs.o ABSOLUTE
    _printf_c                                0x00000000   Number         0  stubs.o ABSOLUTE
    _printf_charcount                        0x00000000   Number         0  stubs.o ABSOLUTE
    _printf_d                                0x00000000   Number         0  stubs.o ABSOLUTE
    _printf_e                                0x00000000   Number         0  stubs.o ABSOLUTE
    _printf_f                                0x00000000   Number         0  stubs.o ABSOLUTE
    _printf_flags                            0x00000000   Number         0  stubs.o ABSOLUTE
    _printf_fp_dec                           0x00000000   Number         0  stubs.o ABSOLUTE
    _printf_fp_hex                           0x00000000   Number         0  stubs.o ABSOLUTE
    _printf_g                                0x00000000   Number         0  stubs.o ABSOLUTE
    _printf_i                                0x00000000   Number         0  stubs.o ABSOLUTE
    _printf_int_dec                          0x00000000   Number         0  stubs.o ABSOLUTE
    _printf_l                                0x00000000   Number         0  stubs.o ABSOLUTE
    _printf_lc                               0x00000000   Number         0  stubs.o ABSOLUTE
    _printf_ll                               0x00000000   Number         0  stubs.o ABSOLUTE
    _printf_lld                              0x00000000   Number         0  stubs.o ABSOLUTE
    _printf_lli                              0x00000000   Number         0  stubs.o ABSOLUTE
    _printf_llo                              0x00000000   Number         0  stubs.o ABSOLUTE
    _printf_llu                              0x00000000   Number         0  stubs.o ABSOLUTE
    _printf_llx                              0x00000000   Number         0  stubs.o ABSOLUTE
    _printf_longlong_dec                     0x00000000   Number         0  stubs.o ABSOLUTE
    _printf_longlong_hex                     0x00000000   Number         0  stubs.o ABSOLUTE
    _printf_longlong_oct                     0x00000000   Number         0  stubs.o ABSOLUTE
    _printf_ls                               0x00000000   Number         0  stubs.o ABSOLUTE
    _printf_mbtowc                           0x00000000   Number         0  stubs.o ABSOLUTE
    _printf_n                                0x00000000   Number         0  stubs.o ABSOLUTE
    _printf_o                                0x00000000   Number         0  stubs.o ABSOLUTE
    _printf_p                                0x00000000   Number         0  stubs.o ABSOLUTE
    _printf_percent                          0x00000000   Number         0  stubs.o ABSOLUTE
    _printf_pre_padding                      0x00000000   Number         0  stubs.o ABSOLUTE
    _printf_return_value                     0x00000000   Number         0  stubs.o ABSOLUTE
    _printf_s                                0x00000000   Number         0  stubs.o ABSOLUTE
    _printf_sizespec                         0x00000000   Number         0  stubs.o ABSOLUTE
    _printf_str                              0x00000000   Number         0  stubs.o ABSOLUTE
    _printf_truncate_signed                  0x00000000   Number         0  stubs.o ABSOLUTE
    _printf_truncate_unsigned                0x00000000   Number         0  stubs.o ABSOLUTE
    _printf_u                                0x00000000   Number         0  stubs.o ABSOLUTE
    _printf_wc                               0x00000000   Number         0  stubs.o ABSOLUTE
    _printf_wctomb                           0x00000000   Number         0  stubs.o ABSOLUTE
    _printf_widthprec                        0x00000000   Number         0  stubs.o ABSOLUTE
    _printf_x                                0x00000000   Number         0  stubs.o ABSOLUTE
    __cpp_initialize__aeabi_                  - Undefined Weak Reference
    __cxa_finalize                            - Undefined Weak Reference
    __decompress                              - Undefined Weak Reference
    _clock_init                               - Undefined Weak Reference
    _microlib_exit                            - Undefined Weak Reference
    __main                                   0x000000cd   Thumb Code     0  entry.o(.ARM.Collect$$$$00000000)
    _main_stk                                0x000000cd   Thumb Code     0  entry2.o(.ARM.Collect$$$$00000001)
    _main_scatterload                        0x000000d1   Thumb Code     0  entry5.o(.ARM.Collect$$$$00000004)
    __main_after_scatterload                 0x000000d5   Thumb Code     0  entry5.o(.ARM.Collect$$$$00000004)
    _main_clock                              0x000000d5   Thumb Code     0  entry7b.o(.ARM.Collect$$$$00000008)
    _main_cpp_init                           0x000000d5   Thumb Code     0  entry8b.o(.ARM.Collect$$$$0000000A)
    _main_init                               0x000000d5   Thumb Code     0  entry9a.o(.ARM.Collect$$$$0000000B)
    __rt_final_cpp                           0x000000dd   Thumb Code     0  entry10a.o(.ARM.Collect$$$$0000000D)
    __rt_final_exit                          0x000000dd   Thumb Code     0  entry11a.o(.ARM.Collect$$$$0000000F)
    Reset_Handler                            0x000000e1   Thumb Code     8  startup_lpc17xx.o(.text)
    NMI_Handler                              0x000000e9   Thumb Code     2  startup_lpc17xx.o(.text)
    HardFault_Handler                        0x000000eb   Thumb Code     2  startup_lpc17xx.o(.text)
    MemManage_Handler                        0x000000ed   Thumb Code     2  startup_lpc17xx.o(.text)
    BusFault_Handler                         0x000000ef   Thumb Code     2  startup_lpc17xx.o(.text)
    UsageFault_Handler                       0x000000f1   Thumb Code     2  startup_lpc17xx.o(.text)
    SVC_Handler                              0x000000f3   Thumb Code     2  startup_lpc17xx.o(.text)
    DebugMon_Handler                         0x000000f5   Thumb Code     2  startup_lpc17xx.o(.text)
    PendSV_Handler                           0x000000f7   Thumb Code     2  startup_lpc17xx.o(.text)
    SysTick_Handler                          0x000000f9   Thumb Code     2  startup_lpc17xx.o(.text)
    ADC_IRQHandler                           0x000000fb   Thumb Code     0  startup_lpc17xx.o(.text)
    BOD_IRQHandler                           0x000000fb   Thumb Code     0  startup_lpc17xx.o(.text)
    CANActivity_IRQHandler                   0x000000fb   Thumb Code     0  startup_lpc17xx.o(.text)
    CAN_IRQHandler                           0x000000fb   Thumb Code     0  startup_lpc17xx.o(.text)
    DMA_IRQHandler                           0x000000fb   Thumb Code     0  startup_lpc17xx.o(.text)
    EINT0_IRQHandler                         0x000000fb   Thumb Code     0  startup_lpc17xx.o(.text)
    EINT1_IRQHandler                         0x000000fb   Thumb Code     0  startup_lpc17xx.o(.text)
    EINT2_IRQHandler                         0x000000fb   Thumb Code     0  startup_lpc17xx.o(.text)
    EINT3_IRQHandler                         0x000000fb   Thumb Code     0  startup_lpc17xx.o(.text)
    ENET_IRQHandler                          0x000000fb   Thumb Code     0  startup_lpc17xx.o(.text)
    I2C0_IRQHandler                          0x000000fb   Thumb Code     0  startup_lpc17xx.o(.text)
    I2C1_IRQHandler                          0x000000fb   Thumb Code     0  startup_lpc17xx.o(.text)
    I2C2_IRQHandler                          0x000000fb   Thumb Code     0  startup_lpc17xx.o(.text)
    I2S_IRQHandler                           0x000000fb   Thumb Code     0  startup_lpc17xx.o(.text)
    MCPWM_IRQHandler                         0x000000fb   Thumb Code     0  startup_lpc17xx.o(.text)
    PLL0_IRQHandler                          0x000000fb   Thumb Code     0  startup_lpc17xx.o(.text)
    PLL1_IRQHandler                          0x000000fb   Thumb Code     0  startup_lpc17xx.o(.text)
    PWM1_IRQHandler                          0x000000fb   Thumb Code     0  startup_lpc17xx.o(.text)
    QEI_IRQHandler                           0x000000fb   Thumb Code     0  startup_lpc17xx.o(.text)
    RIT_IRQHandler                           0x000000fb   Thumb Code     0  startup_lpc17xx.o(.text)
    RTC_IRQHandler                           0x000000fb   Thumb Code     0  startup_lpc17xx.o(.text)
    SPI_IRQHandler                           0x000000fb   Thumb Code     0  startup_lpc17xx.o(.text)
    SSP0_IRQHandler                          0x000000fb   Thumb Code     0  startup_lpc17xx.o(.text)
    SSP1_IRQHandler                          0x000000fb   Thumb Code     0  startup_lpc17xx.o(.text)
    TIMER0_IRQHandler                        0x000000fb   Thumb Code     0  startup_lpc17xx.o(.text)
    TIMER1_IRQHandler                        0x000000fb   Thumb Code     0  startup_lpc17xx.o(.text)
    TIMER2_IRQHandler                        0x000000fb   Thumb Code     0  startup_lpc17xx.o(.text)
    TIMER3_IRQHandler                        0x000000fb   Thumb Code     0  startup_lpc17xx.o(.text)
    UART2_IRQHandler                         0x000000fb   Thumb Code     0  startup_lpc17xx.o(.text)
    UART3_IRQHandler                         0x000000fb   Thumb Code     0  startup_lpc17xx.o(.text)
    USBActivity_IRQHandler                   0x000000fb   Thumb Code     0  startup_lpc17xx.o(.text)
    USB_IRQHandler                           0x000000fb   Thumb Code     0  startup_lpc17xx.o(.text)
    WDT_IRQHandler                           0x000000fb   Thumb Code     0  startup_lpc17xx.o(.text)
    localtime                                0x00000105   Thumb Code   138  localtime.o(.text)
    strstr                                   0x00000199   Thumb Code    36  strstr.o(.text)
    strlen                                   0x000001bd   Thumb Code    14  strlen.o(.text)
    __aeabi_uidiv                            0x000001cb   Thumb Code     0  uidiv.o(.text)
    __aeabi_uidivmod                         0x000001cb   Thumb Code    44  uidiv.o(.text)
    __aeabi_memcpy                           0x000001f7   Thumb Code    36  memcpya.o(.text)
    __aeabi_memcpy4                          0x000001f7   Thumb Code     0  memcpya.o(.text)
    __aeabi_memcpy8                          0x000001f7   Thumb Code     0  memcpya.o(.text)
    __scatterload                            0x0000021d   Thumb Code    28  init.o(.text)
    __scatterload_rt2                        0x0000021d   Thumb Code     0  init.o(.text)
    Free                                     0x00000241   Thumb Code     6  uart.o(i.Free)
    FreeRcv                                  0x00000249   Thumb Code    28  uart.o(i.FreeRcv)
    FreeSnd                                  0x0000026d   Thumb Code    28  uart.o(i.FreeSnd)
    UART0_IRQHandler                         0x00000291   Thumb Code    88  uart.o(i.UART0_IRQHandler)
    __scatterload_null                       0x000002f9   Thumb Code     2  handlers.o(i.__scatterload_null)
    strftime                                 0x00000341   Thumb Code   580  strftime.o(.text)
    SystemInit                               0x00000695   Thumb Code   302  system_lpc17xx.o(i.SystemInit)
    UART1_IRQHandler                         0x000007d5   Thumb Code    90  uart.o(i.UART1_IRQHandler)
    UARTInit                                 0x00000845   Thumb Code   176  uart.o(i.UARTInit)
    UARTSendChar                             0x00000901   Thumb Code    26  uart.o(i.UARTSendChar)
    __0printf$3                              0x00000925   Thumb Code    22  printf3.o(i.__0printf$3)
    __1printf$3                              0x00000925   Thumb Code     0  printf3.o(i.__0printf$3)
    __2printf                                0x00000925   Thumb Code     0  printf3.o(i.__0printf$3)
    __free$realloc                           0x00000969   Thumb Code    88  mallocr.o(i.__free$realloc)
    __malloc$realloc                         0x000009c5   Thumb Code    64  mallocr.o(i.__malloc$realloc)
    __scatterload_copy                       0x00000a15   Thumb Code    14  handlers.o(i.__scatterload_copy)
    __scatterload_zeroinit                   0x00000a23   Thumb Code    14  handlers.o(i.__scatterload_zeroinit)
    fputc                                    0x00000be9   Thumb Code    14  retarget.o(i.fputc)
    getFrequency                             0x00000bf9   Thumb Code    62  uart.o(i.getFrequency)
    loggerFmtTime                            0x00000c91   Thumb Code    26  logger.o(i.loggerFmtTime)
    loggerInit                               0x00000cc5   Thumb Code    72  logger.o(i.loggerInit)
    loggerLog                                0x00000d51   Thumb Code   196  logger.o(i.loggerLog)
    loggerPrintByLevel                       0x00000ead   Thumb Code   174  logger.o(i.loggerPrintByLevel)
    loggerPrintByMsg                         0x00000fad   Thumb Code   160  logger.o(i.loggerPrintByMsg)
    main                                     0x000010c1   Thumb Code   120  loggermain.o(i.main)
    realloc                                  0x000011a9   Thumb Code   102  mallocr.o(i.realloc)
    sendchar                                 0x00001215   Thumb Code    64  retarget.o(i.sendchar)
    time                                     0x00001259   Thumb Code    18  time.o(i.time)
    Region$$Table$$Base                      0x0000133c   Number         0  anon$$obj.o(Region$$Table)
    Region$$Table$$Limit                     0x0000135c   Number         0  anon$$obj.o(Region$$Table)
    uart_init_called                         0x10000000   Data           1  retarget.o(.data)
    __stdout                                 0x10000004   Data           4  retarget.o(.data)
    __stdin                                  0x10000008   Data           4  retarget.o(.data)
    ITM_RxBuffer                             0x1000000c   Data           4  uart.o(.data)
    UART0Status                              0x10000010   Data           4  uart.o(.data)
    UART1Status                              0x10000014   Data           4  uart.o(.data)
    UART0TxEmpty                             0x10000018   Data           1  uart.o(.data)
    UART1TxEmpty                             0x10000019   Data           1  uart.o(.data)
    UART0Count                               0x1000001c   Data           4  uart.o(.data)
    UART1Count                               0x10000020   Data           4  uart.o(.data)
    RcvLock0                                 0x10000024   Data           1  uart.o(.data)
    SndLock0                                 0x10000025   Data           1  uart.o(.data)
    RcvLock1                                 0x10000026   Data           1  uart.o(.data)
    SndLock1                                 0x10000027   Data           1  uart.o(.data)
    i                                        0x10000028   Data           4  uart.o(.data)
    log_levels                               0x10000030   Data          16  logger.o(.data)
    log_record                               0x10000040   Data           4  logger.o(.data)
    multiple_inits                           0x10000044   Data           1  logger.o(.data)
    current_log_index                        0x10000048   Data           4  logger.o(.data)
    last_log_index                           0x1000004c   Data           4  logger.o(.data)
    SystemCoreClock                          0x10000050   Data           4  system_lpc17xx.o(.data)
    __microlib_freelist                      0x10000054   Data           4  mvars.o(.data)
    __microlib_freelist_initialised          0x10000058   Data           4  mvars.o(.data)
    UART0Buffer                              0x1000005c   Data          64  uart.o(.bss)
    UART1Buffer                              0x1000009c   Data          64  uart.o(.bss)
    loggerTimeString                         0x100000dc   Data          20  logger.o(.bss)
    __heap_base                              0x10000120   Data           0  startup_lpc17xx.o(HEAP)
    __heap_limit                             0x10001120   Data           0  startup_lpc17xx.o(HEAP)
    __initial_sp                             0x10001320   Data           0  startup_lpc17xx.o(STACK)



==============================================================================

Memory Map of the image

  Image Entry point : 0x000000e1

  Load Region LR_1 (Base: 0x00000000, Size: 0x000013b8, Max: 0xffffffff, ABSOLUTE)

    Execution Region ER_RO (Exec base: 0x00000000, Load base: 0x00000000, Size: 0x0000135c, Max: 0xffffffff, ABSOLUTE)

    Exec Addr    Load Addr    Size         Type   Attr      Idx    E Section Name        Object

    0x00000000   0x00000000   0x000000cc   Data   RO          291    RESET               startup_lpc17xx.o
    0x000000cc   0x000000cc   0x00000000   Code   RO          342  * .ARM.Collect$$$$00000000  mc_w.l(entry.o)
    0x000000cc   0x000000cc   0x00000004   Code   RO          640    .ARM.Collect$$$$00000001  mc_w.l(entry2.o)
    0x000000d0   0x000000d0   0x00000004   Code   RO          643    .ARM.Collect$$$$00000004  mc_w.l(entry5.o)
    0x000000d4   0x000000d4   0x00000000   Code   RO          645    .ARM.Collect$$$$00000008  mc_w.l(entry7b.o)
    0x000000d4   0x000000d4   0x00000000   Code   RO          647    .ARM.Collect$$$$0000000A  mc_w.l(entry8b.o)
    0x000000d4   0x000000d4   0x00000008   Code   RO          648    .ARM.Collect$$$$0000000B  mc_w.l(entry9a.o)
    0x000000dc   0x000000dc   0x00000000   Code   RO          650    .ARM.Collect$$$$0000000D  mc_w.l(entry10a.o)
    0x000000dc   0x000000dc   0x00000000   Code   RO          652    .ARM.Collect$$$$0000000F  mc_w.l(entry11a.o)
    0x000000dc   0x000000dc   0x00000004   Code   RO          641    .ARM.Collect$$$$00002712  mc_w.l(entry2.o)
    0x000000e0   0x000000e0   0x00000024   Code   RO          293  * .text               startup_lpc17xx.o
    0x00000104   0x00000104   0x00000094   Code   RO          347    .text               mc_w.l(localtime.o)
    0x00000198   0x00000198   0x00000024   Code   RO          357    .text               mc_w.l(strstr.o)
    0x000001bc   0x000001bc   0x0000000e   Code   RO          359    .text               mc_w.l(strlen.o)
    0x000001ca   0x000001ca   0x0000002c   Code   RO          654    .text               mc_w.l(uidiv.o)
    0x000001f6   0x000001f6   0x00000024   Code   RO          660    .text               mc_w.l(memcpya.o)
    0x0000021a   0x0000021a   0x00000002   PAD
    0x0000021c   0x0000021c   0x00000024   Code   RO          677    .text               mc_w.l(init.o)
    0x00000240   0x00000240   0x00000006   Code   RO           98    i.Free              uart.o
    0x00000246   0x00000246   0x00000002   PAD
    0x00000248   0x00000248   0x00000024   Code   RO           99    i.FreeRcv           uart.o
    0x0000026c   0x0000026c   0x00000024   Code   RO          100    i.FreeSnd           uart.o
    0x00000290   0x00000290   0x00000068   Code   RO          104    i.UART0_IRQHandler  uart.o
    0x000002f8   0x000002f8   0x00000002   Code   RO          686    i.__scatterload_null  mc_w.l(handlers.o)
    0x000002fa   0x000002fa   0x00000002   PAD
    0x000002fc   0x000002fc   0x00000004   Code   RO          292    .ARM.__at_0x02FC    startup_lpc17xx.o
    0x00000300   0x00000300   0x00000394   Code   RO          351    .text               mc_w.l(strftime.o)
    0x00000694   0x00000694   0x00000140   Code   RO          303    i.SystemInit        system_lpc17xx.o
    0x000007d4   0x000007d4   0x00000070   Code   RO          105    i.UART1_IRQHandler  uart.o
    0x00000844   0x00000844   0x000000bc   Code   RO          106    i.UARTInit          uart.o
    0x00000900   0x00000900   0x00000024   Code   RO          110    i.UARTSendChar      uart.o
    0x00000924   0x00000924   0x00000020   Code   RO          450    i.__0printf$3       mc_w.l(printf3.o)
    0x00000944   0x00000944   0x00000022   Code   RO          111    i.__NVIC_EnableIRQ  uart.o
    0x00000966   0x00000966   0x00000002   PAD
    0x00000968   0x00000968   0x0000005c   Code   RO          622    i.__free$realloc    mc_w.l(mallocr.o)
    0x000009c4   0x000009c4   0x00000050   Code   RO          623    i.__malloc$realloc  mc_w.l(mallocr.o)
    0x00000a14   0x00000a14   0x0000000e   Code   RO          685    i.__scatterload_copy  mc_w.l(handlers.o)
    0x00000a22   0x00000a22   0x0000000e   Code   RO          687    i.__scatterload_zeroinit  mc_w.l(handlers.o)
    0x00000a30   0x00000a30   0x000001b8   Code   RO          457    i._printf_core      mc_w.l(printf3.o)
    0x00000be8   0x00000be8   0x0000000e   Code   RO           32    i.fputc             retarget.o
    0x00000bf6   0x00000bf6   0x00000002   PAD
    0x00000bf8   0x00000bf8   0x00000048   Code   RO          112    i.getFrequency      uart.o
    0x00000c40   0x00000c40   0x00000050   Code   RO          624    i.internal_alloc    mc_w.l(mallocr.o)
    0x00000c90   0x00000c90   0x00000034   Code   RO          242    i.loggerFmtTime     logger.o
    0x00000cc4   0x00000cc4   0x0000008c   Code   RO          243    i.loggerInit        logger.o
    0x00000d50   0x00000d50   0x0000015c   Code   RO          244    i.loggerLog         logger.o
    0x00000eac   0x00000eac   0x00000100   Code   RO          245    i.loggerPrintByLevel  logger.o
    0x00000fac   0x00000fac   0x00000114   Code   RO          246    i.loggerPrintByMsg  logger.o
    0x000010c0   0x000010c0   0x000000e8   Code   RO            1    i.main              loggermain.o
    0x000011a8   0x000011a8   0x0000006c   Code   RO          625    i.realloc           mc_w.l(mallocr.o)
    0x00001214   0x00001214   0x00000044   Code   RO           34    i.sendchar          retarget.o
    0x00001258   0x00001258   0x00000018   Code   RO          229    i.time              time.o
    0x00001270   0x00001270   0x0000000c   Data   RO          349    .constdata          mc_w.l(localtime.o)
    0x0000127c   0x0000127c   0x00000056   Data   RO          352    .constdata          mc_w.l(strftime.o)
    0x000012d2   0x000012d2   0x00000002   PAD
    0x000012d4   0x000012d4   0x00000066   Data   RO          248    .conststring        logger.o
    0x0000133a   0x0000133a   0x00000002   PAD
    0x0000133c   0x0000133c   0x00000020   Data   RO          683    Region$$Table       anon$$obj.o


    Execution Region ER_RW (Exec base: 0x10000000, Load base: 0x0000135c, Size: 0x0000005c, Max: 0xffffffff, ABSOLUTE)

    Exec Addr    Load Addr    Size         Type   Attr      Idx    E Section Name        Object

    0x10000000   0x0000135c   0x0000000c   Data   RW           35    .data               retarget.o
    0x1000000c   0x00001368   0x00000020   Data   RW          114    .data               uart.o
    0x1000002c   0x00001388   0x00000004   Data   RW          230    .data               time.o
    0x10000030   0x0000138c   0x00000020   Data   RW          249    .data               logger.o
    0x10000050   0x000013ac   0x00000004   Data   RW          304    .data               system_lpc17xx.o
    0x10000054   0x000013b0   0x00000004   Data   RW          664    .data               mc_w.l(mvars.o)
    0x10000058   0x000013b4   0x00000004   Data   RW          665    .data               mc_w.l(mvars.o)


    Execution Region ER_ZI (Exec base: 0x1000005c, Load base: 0x000013b8, Size: 0x000012c4, Max: 0xffffffff, ABSOLUTE)

    Exec Addr    Load Addr    Size         Type   Attr      Idx    E Section Name        Object

    0x1000005c        -       0x00000080   Zero   RW          113    .bss                uart.o
    0x100000dc        -       0x00000014   Zero   RW          247    .bss                logger.o
    0x100000f0        -       0x0000002c   Zero   RW          348    .bss                mc_w.l(localtime.o)
    0x1000011c   0x000013b8   0x00000004   PAD
    0x10000120        -       0x00001000   Zero   RW          290    HEAP                startup_lpc17xx.o
    0x10001120        -       0x00000200   Zero   RW          289    STACK               startup_lpc17xx.o


==============================================================================

Image component sizes


      Code (inc. data)   RO Data    RW Data    ZI Data      Debug   Object Name

      1072        444        102         32         20       3866   logger.o
       232        112          0          0          0       3351   loggermain.o
        82          4          0         12          0       5934   retarget.o
        40         12        204          0       4608       1004   startup_lpc17xx.o
       320         18          0          4          0        819   system_lpc17xx.o
        24          6          0          4          0        723   time.o
       624         86          0         32        128      22691   uart.o

    ----------------------------------------------------------------------
      2400        682        340         84       4756      38388   Object Totals
         0          0         32          0          0          0   (incl. Generated)
         6          0          2          0          0          0   (incl. Padding)

    ----------------------------------------------------------------------

      Code (inc. data)   RO Data    RW Data    ZI Data      Debug   Library Member Name

         0          0          0          0          0          0   entry.o
         0          0          0          0          0          0   entry10a.o
         0          0          0          0          0          0   entry11a.o
         8          4          0          0          0          0   entry2.o
         4          0          0          0          0          0   entry5.o
         0          0          0          0          0          0   entry7b.o
         0          0          0          0          0          0   entry8b.o
         8          4          0          0          0          0   entry9a.o
        30          0          0          0          0          0   handlers.o
        36          8          0          0          0         68   init.o
       148         10         12          0         44         76   localtime.o
       360         30          0          0          0        356   mallocr.o
        36          0          0          0          0         68   memcpya.o
         0          0          0          8          0          0   mvars.o
       472         14          0          0          0        184   printf3.o
       916        264         86          0          0        144   strftime.o
        14          0          0          0          0         68   strlen.o
        36          0          0          0          0         80   strstr.o
        44          0          0          0          0         80   uidiv.o

    ----------------------------------------------------------------------
      2116        334        100          8         48       1124   Library Totals
         4          0          2          0          4          0   (incl. Padding)

    ----------------------------------------------------------------------

      Code (inc. data)   RO Data    RW Data    ZI Data      Debug   Library Name

      2112        334         98          8         44       1124   mc_w.l

    ----------------------------------------------------------------------
      2116        334        100          8         48       1124   Library Totals

    ----------------------------------------------------------------------

==============================================================================


      Code (inc. data)   RO Data    RW Data    ZI Data      Debug   

      4516       1016        440         92       4804      38312   Grand Totals
      4516       1016        440         92       4804      38312   ELF Image Totals
      4516       1016        440         92          0          0   ROM Totals

==============================================================================

    Total RO  Size (Code + RO Data)                 4956 (   4.84kB)
    Total RW  Size (RW Data + ZI Data)              4896 (   4.78kB)
    Total ROM Size (Code + RO Data + RW Data)       5048 (   4.93kB)

==============================================================================

